Hello Chris
You have just won 10000 dollars!

Well, 6000 dollars, after taxes.

Shown.


  No person



  <b>resque</b> reviewers:  avrel  commiters: joe  william

  <b>hub</b> reviewers:  avrel  commiters: jack  greg

  <b>rip</b> reviewers: joe jack  commiters:   greg



  Hi Jon!



=====================================


  <b>resque</b> reviewers:  avrel  commiters: joe  william

  <b>hub</b> reviewers:  avrel  commiters: jack  greg

  <b>rip</b> reviewers: joe jack  commiters:   greg

=====================================

ggggggggg
----3.14159----
jjjjjjjjj
end

#
!
~
~
/ see json pointers IETF RFC 6901
^
=
:
&gt;
