HELLO CHRIS
YOU HAVE JUST WON 10000 DOLLARS!

WELL, 6000 DOLLARS, AFTER TAXES.

SHOWN.


  NO PERSON



  <B>RESQUE</B> REVIEWERS:  AVREL  COMMITERS: JOE  WILLIAM

  <B>HUB</B> REVIEWERS:  AVREL  COMMITERS: JACK  GREG

  <B>RIP</B> REVIEWERS: JOE JACK  COMMITERS:   GREG



  HI JON!



=====================================


  <B>RESQUE</B> REVIEWERS:  AVREL  COMMITERS: JOE  WILLIAM

  <B>HUB</B> REVIEWERS:  AVREL  COMMITERS: JACK  GREG

  <B>RIP</B> REVIEWERS: JOE JACK  COMMITERS:   GREG

=====================================

GGGGGGGGG
----3.14159----
JJJJJJJJJ
END

#
!
~
~
/ SEE JSON POINTERS IETF RFC 6901
^
=
:
&GT;
hello chris
you have just won 10000 dollars!

well, 6000 dollars, after taxes.

shown.


  no person



  <b>resque</b> reviewers:  avrel  commiters: joe  william

  <b>hub</b> reviewers:  avrel  commiters: jack  greg

  <b>rip</b> reviewers: joe jack  commiters:   greg



  hi jon!



=====================================


  <b>resque</b> reviewers:  avrel  commiters: joe  william

  <b>hub</b> reviewers:  avrel  commiters: jack  greg

  <b>rip</b> reviewers: joe jack  commiters:   greg

=====================================

ggggggggg
----3.14159----
jjjjjjjjj
end

#
!
~
~
/ see json pointers ietf rfc 6901
^
=
:
&gt;
Hello Chris
You have just won 10000 dollars!

Well, 6000 dollars, after taxes.

Shown.


  No person



  <b>resque</b> reviewers:  avrel  commiters: joe  william

  <b>hub</b> reviewers:  avrel  commiters: jack  greg

  <b>rip</b> reviewers: joe jack  commiters:   greg



  Hi Jon!



=====================================


  <b>resque</b> reviewers:  avrel  commiters: joe  william

  <b>hub</b> reviewers:  avrel  commiters: jack  greg

  <b>rip</b> reviewers: joe jack  commiters:   greg

=====================================

ggggggggg
----3.14159----
jjjjjjjjj
end

#
!
~
~
/ see json pointers IETF RFC 6901
^
=
:
&gt;
